DEBUG:httpx:load_ssl_context verify=True cert=None trust_env=True http2=False
DEBUG:httpx:load_verify_locations cafile='C:\\Users\\juani\\anaconda3\\envs\\time_series\\Library\\ssl\\cacert.pem'
DEBUG:httpx:load_ssl_context verify=True cert=None trust_env=True http2=False
DEBUG:httpx:load_verify_locations cafile='C:\\Users\\juani\\anaconda3\\envs\\time_series\\Library\\ssl\\cacert.pem'
DEBUG:httpcore.connection:connect_tcp.started host='www.instagram.com' port=443 local_address=None timeout=5.0 socket_options=None
DEBUG:httpcore.connection:connect_tcp.complete return_value=<httpcore._backends.sync.SyncStream object at 0x0000022F30CE7EE0>
DEBUG:httpcore.connection:start_tls.started ssl_context=<ssl.SSLContext object at 0x0000022F312C04C0> server_hostname='www.instagram.com' timeout=5.0
DEBUG:httpcore.connection:start_tls.complete return_value=<httpcore._backends.sync.SyncStream object at 0x0000022F30833B50>
DEBUG:httpcore.http11:send_request_headers.started request=<Request [b'POST']>
DEBUG:httpcore.http11:send_request_headers.complete
DEBUG:httpcore.http11:send_request_body.started request=<Request [b'POST']>
DEBUG:httpcore.http11:send_request_body.complete
DEBUG:httpcore.http11:receive_response_headers.started request=<Request [b'POST']>
DEBUG:httpcore.http11:receive_response_headers.complete return_value=(b'HTTP/1.1', 200, b'OK', [(b'Content-Type', b'application/json; charset=utf-8'), (b'Date', b'Tue, 18 Mar 2025 13:28:52 GMT'), (b'Vary', b'Accept-Language, Cookie, Accept-Encoding'), (b'Content-Language', b'en'), (b'Strict-Transport-Security', b'max-age=31536000'), (b'Cache-Control', b'private, no-cache, no-store, must-revalidate'), (b'Pragma', b'no-cache'), (b'Expires', b'Sat, 01 Jan 2000 00:00:00 GMT'), (b'X-Frame-Options', b'SAMEORIGIN'), (b'content-security-policy', b"report-uri https://www.instagram.com/security/csp_report/; default-src 'self' https://www.instagram.com; img-src data: blob: https://*.fbcdn.net https://*.instagram.com https://*.cdninstagram.com https://*.facebook.com https://*.fbsbx.com https://*.threads.net https://*.threads.com https://*.giphy.com; font-src data: https://*.fbcdn.net https://*.instagram.com https://*.cdninstagram.com; media-src 'self' blob: https://www.instagram.com https://*.cdninstagram.com https://*.fbcdn.net; manifest-src 'self' https://www.instagram.com; script-src 'self' https://instagram.com https://www.instagram.com https://*.www.instagram.com https://*.cdninstagram.com wss://www.instagram.com https://*.facebook.com https://*.fbcdn.net https://*.facebook.net 'unsafe-inline' 'unsafe-eval' blob:; style-src 'self' https://*.www.instagram.com https://www.instagram.com 'unsafe-inline'; connect-src 'self' https://instagram.com https://www.instagram.com https://*.www.instagram.com https://graph.instagram.com https://*.graph.instagram.com https://i.instagram.com/graphql_www https://graphql.instagram.com https://*.cdninstagram.com https://api.instagram.com https://i.instagram.com https://*.i.instagram.com https://*.od.instagram.com https://i.threads.net https://i.threads.com https://*.od.threads.net https://*.od.threads.com wss://www.instagram.com wss://edge-chat.instagram.com https://*.facebook.com https://*.fbcdn.net https://*.facebook.net chrome-extension://boadgeojelhgndaghljhdicfkmllpafd blob:; worker-src 'self' blob: https://www.instagram.com; frame-src 'self' https://instagram.com https://www.instagram.com https://*.instagram.com https://staticxx.facebook.com https://www.facebook.com https://web.facebook.com https://connect.facebook.net https://m.facebook.com https://*.fbsbx.com; object-src 'none'; upgrade-insecure-requests"), (b'cross-origin-embedder-policy-report-only', b'require-corp;report-to="coep"'), (b'report-to', b'{"group": "coep", "max_age": 86400, "endpoints": [{"url": "/security/coep_report/"}]},{"group": "coop", "max_age": 86400, "endpoints": [{"url": "/security/coop_report/"}]}'), (b'cross-origin-opener-policy', b'same-origin-allow-popups;report-to="coop"'), (b'X-Content-Type-Options', b'nosniff'), (b'X-XSS-Protection', b'0'), (b'x-ig-push-state', b'c2'), (b'x-ig-cache-control', b'cache'), (b'x-aed', b'364'), (b'x-ig-request-elapsed-time-ms', b'416'), (b'Retry-After', b'2'), (b'x-ig-peak-v2', b'1'), (b'x-ig-peak-time', b'1'), (b'Content-Encoding', b'gzip'), (b'x-stack', b'distillery'), (b'x-perf-stats', b'252779076;175200;415876'), (b'Set-Cookie', b'csrftoken=nAZOgdHMgEdGBZbkyi7MqONqXKf09Vt1; Domain=.instagram.com; expires=Tue, 17-Mar-2026 13:28:52 GMT; Max-Age=31449600; Path=/; Secure'), (b'Set-Cookie', b'mid=Z9l1FAAEAAHgN1DN9ZhEak2CLJi0; Domain=.instagram.com; expires=Wed, 22-Apr-2026 13:28:52 GMT; Max-Age=34560000; Path=/; Secure'), (b'Set-Cookie', b'ig_did=64FDFF3F-1522-4E30-8C2B-456D02387650; Domain=.instagram.com; expires=Wed, 18-Mar-2026 13:28:52 GMT; HttpOnly; Max-Age=31536000; Path=/; Secure'), (b'Set-Cookie', b'ig_nrcb=1; Domain=.instagram.com; expires=Wed, 18-Mar-2026 13:28:52 GMT; Max-Age=31536000; Path=/; Secure'), (b'x-ig-origin-region', b'nha'), (b'Alt-Svc', b'h3=":443"; ma=86400'), (b'X-FB-Connection-Quality', b'EXCELLENT; q=0.9, rtt=20, rtx=0, c=14, mss=1392, tbw=3691, tp=-1, tpl=-1, uplat=701, ullat=0'), (b'Connection', b'keep-alive'), (b'Content-Length', b'4415')])
INFO:httpx:HTTP Request: POST https://www.instagram.com/graphql/query "HTTP/1.1 200 OK"
DEBUG:httpcore.http11:receive_response_body.started request=<Request [b'POST']>
DEBUG:httpcore.http11:receive_response_body.complete
DEBUG:httpcore.http11:response_closed.started
DEBUG:httpcore.http11:response_closed.complete
DEBUG:httpcore.connection:close.started
DEBUG:httpcore.connection:close.complete
DEBUG:httpx:load_ssl_context verify=True cert=None trust_env=True http2=False
DEBUG:httpx:load_verify_locations cafile='C:\\Users\\juani\\anaconda3\\envs\\time_series\\Library\\ssl\\cacert.pem'
DEBUG:httpcore.connection:connect_tcp.started host='www.instagram.com' port=443 local_address=None timeout=20.0 socket_options=None
DEBUG:httpcore.connection:connect_tcp.complete return_value=<httpcore._backends.anyio.AnyIOStream object at 0x0000022F30F11700>
DEBUG:httpcore.connection:start_tls.started ssl_context=<ssl.SSLContext object at 0x0000022F315CA340> server_hostname='www.instagram.com' timeout=20.0
DEBUG:httpcore.connection:start_tls.complete return_value=<httpcore._backends.anyio.AnyIOStream object at 0x0000022F30EB1C40>
DEBUG:httpcore.http11:send_request_headers.started request=<Request [b'POST']>
DEBUG:httpcore.http11:send_request_headers.complete
DEBUG:httpcore.http11:send_request_body.started request=<Request [b'POST']>
DEBUG:httpcore.http11:send_request_body.complete
DEBUG:httpcore.http11:receive_response_headers.started request=<Request [b'POST']>
DEBUG:httpcore.http11:receive_response_headers.complete return_value=(b'HTTP/1.1', 200, b'OK', [(b'Content-Type', b'application/json; charset=utf-8'), (b'Date', b'Tue, 18 Mar 2025 13:43:19 GMT'), (b'Vary', b'Accept-Language, Cookie, Accept-Encoding'), (b'Content-Language', b'en'), (b'Strict-Transport-Security', b'max-age=31536000'), (b'Cache-Control', b'private, no-cache, no-store, must-revalidate'), (b'Pragma', b'no-cache'), (b'Expires', b'Sat, 01 Jan 2000 00:00:00 GMT'), (b'X-Frame-Options', b'SAMEORIGIN'), (b'content-security-policy', b"report-uri https://www.instagram.com/security/csp_report/; default-src 'self' https://www.instagram.com; img-src data: blob: https://*.fbcdn.net https://*.instagram.com https://*.cdninstagram.com https://*.facebook.com https://*.fbsbx.com https://*.threads.net https://*.threads.com https://*.giphy.com; font-src data: https://*.fbcdn.net https://*.instagram.com https://*.cdninstagram.com; media-src 'self' blob: https://www.instagram.com https://*.cdninstagram.com https://*.fbcdn.net; manifest-src 'self' https://www.instagram.com; script-src 'self' https://instagram.com https://www.instagram.com https://*.www.instagram.com https://*.cdninstagram.com wss://www.instagram.com https://*.facebook.com https://*.fbcdn.net https://*.facebook.net 'unsafe-inline' 'unsafe-eval' blob:; style-src 'self' https://*.www.instagram.com https://www.instagram.com 'unsafe-inline'; connect-src 'self' https://instagram.com https://www.instagram.com https://*.www.instagram.com https://graph.instagram.com https://*.graph.instagram.com https://i.instagram.com/graphql_www https://graphql.instagram.com https://*.cdninstagram.com https://api.instagram.com https://i.instagram.com https://*.i.instagram.com https://*.od.instagram.com https://i.threads.net https://i.threads.com https://*.od.threads.net https://*.od.threads.com wss://www.instagram.com wss://edge-chat.instagram.com https://*.facebook.com https://*.fbcdn.net https://*.facebook.net chrome-extension://boadgeojelhgndaghljhdicfkmllpafd blob:; worker-src 'self' blob: https://www.instagram.com; frame-src 'self' https://instagram.com https://www.instagram.com https://*.instagram.com https://staticxx.facebook.com https://www.facebook.com https://web.facebook.com https://connect.facebook.net https://m.facebook.com https://*.fbsbx.com; object-src 'none'; upgrade-insecure-requests"), (b'cross-origin-embedder-policy-report-only', b'require-corp;report-to="coep"'), (b'report-to', b'{"group": "coep", "max_age": 86400, "endpoints": [{"url": "/security/coep_report/"}]},{"group": "coop", "max_age": 86400, "endpoints": [{"url": "/security/coop_report/"}]}'), (b'cross-origin-opener-policy', b'same-origin-allow-popups;report-to="coop"'), (b'X-Content-Type-Options', b'nosniff'), (b'X-XSS-Protection', b'0'), (b'x-ig-push-state', b'c2'), (b'x-ig-cache-control', b'cache'), (b'x-aed', b'364'), (b'x-ig-request-elapsed-time-ms', b'671'), (b'Retry-After', b'5'), (b'x-ig-peak-v2', b'1'), (b'x-ig-peak-time', b'1'), (b'Content-Encoding', b'gzip'), (b'x-stack', b'distillery'), (b'x-perf-stats', b'904785658;487308;672415'), (b'Set-Cookie', b'csrftoken=oSKvuLJVG2iF4yztWo1SjfLGfkdeTjln; Domain=.instagram.com; expires=Tue, 17-Mar-2026 13:43:19 GMT; Max-Age=31449600; Path=/; Secure'), (b'Set-Cookie', b'mid=Z9l4dgAEAAHuBa1H1nh1pWc_jqzE; Domain=.instagram.com; expires=Wed, 22-Apr-2026 13:43:19 GMT; Max-Age=34560000; Path=/; Secure'), (b'Set-Cookie', b'ig_did=758316AE-AD43-47B8-8E2A-87B55371E84B; Domain=.instagram.com; expires=Wed, 18-Mar-2026 13:43:19 GMT; HttpOnly; Max-Age=31536000; Path=/; Secure'), (b'Set-Cookie', b'ig_nrcb=1; Domain=.instagram.com; expires=Wed, 18-Mar-2026 13:43:19 GMT; Max-Age=31536000; Path=/; Secure'), (b'x-ig-origin-region', b'nha'), (b'Alt-Svc', b'h3=":443"; ma=86400'), (b'X-FB-Connection-Quality', b'EXCELLENT; q=0.9, rtt=19, rtx=0, c=14, mss=1392, tbw=3691, tp=-1, tpl=-1, uplat=843, ullat=0'), (b'Connection', b'keep-alive'), (b'Content-Length', b'19901')])
INFO:httpx:HTTP Request: POST https://www.instagram.com/graphql/query "HTTP/1.1 200 OK"
DEBUG:httpcore.http11:receive_response_body.started request=<Request [b'POST']>
DEBUG:httpcore.http11:receive_response_body.complete
DEBUG:httpcore.http11:response_closed.started
DEBUG:httpcore.http11:response_closed.complete
DEBUG:httpcore.http11:send_request_headers.started request=<Request [b'POST']>
DEBUG:httpcore.http11:send_request_headers.complete
DEBUG:httpcore.http11:send_request_body.started request=<Request [b'POST']>
DEBUG:httpcore.http11:send_request_body.complete
DEBUG:httpcore.http11:receive_response_headers.started request=<Request [b'POST']>
DEBUG:httpcore.http11:receive_response_headers.complete return_value=(b'HTTP/1.1', 200, b'OK', [(b'Content-Type', b'application/json; charset=utf-8'), (b'Date', b'Tue, 18 Mar 2025 13:43:20 GMT'), (b'Vary', b'Accept-Language, Cookie, Accept-Encoding'), (b'Content-Language', b'en'), (b'Strict-Transport-Security', b'max-age=31536000'), (b'Cache-Control', b'private, no-cache, no-store, must-revalidate'), (b'Pragma', b'no-cache'), (b'Expires', b'Sat, 01 Jan 2000 00:00:00 GMT'), (b'X-Frame-Options', b'SAMEORIGIN'), (b'content-security-policy', b"report-uri https://www.instagram.com/security/csp_report/; default-src 'self' https://www.instagram.com; img-src data: blob: https://*.fbcdn.net https://*.instagram.com https://*.cdninstagram.com https://*.facebook.com https://*.fbsbx.com https://*.threads.net https://*.threads.com https://*.giphy.com; font-src data: https://*.fbcdn.net https://*.instagram.com https://*.cdninstagram.com; media-src 'self' blob: https://www.instagram.com https://*.cdninstagram.com https://*.fbcdn.net; manifest-src 'self' https://www.instagram.com; script-src 'self' https://instagram.com https://www.instagram.com https://*.www.instagram.com https://*.cdninstagram.com wss://www.instagram.com https://*.facebook.com https://*.fbcdn.net https://*.facebook.net 'unsafe-inline' 'unsafe-eval' blob:; style-src 'self' https://*.www.instagram.com https://www.instagram.com 'unsafe-inline'; connect-src 'self' https://instagram.com https://www.instagram.com https://*.www.instagram.com https://graph.instagram.com https://*.graph.instagram.com https://i.instagram.com/graphql_www https://graphql.instagram.com https://*.cdninstagram.com https://api.instagram.com https://i.instagram.com https://*.i.instagram.com https://*.od.instagram.com https://i.threads.net https://i.threads.com https://*.od.threads.net https://*.od.threads.com wss://www.instagram.com wss://edge-chat.instagram.com https://*.facebook.com https://*.fbcdn.net https://*.facebook.net chrome-extension://boadgeojelhgndaghljhdicfkmllpafd blob:; worker-src 'self' blob: https://www.instagram.com; frame-src 'self' https://instagram.com https://www.instagram.com https://*.instagram.com https://staticxx.facebook.com https://www.facebook.com https://web.facebook.com https://connect.facebook.net https://m.facebook.com https://*.fbsbx.com; object-src 'none'; upgrade-insecure-requests"), (b'cross-origin-embedder-policy-report-only', b'require-corp;report-to="coep"'), (b'report-to', b'{"group": "coep", "max_age": 86400, "endpoints": [{"url": "/security/coep_report/"}]},{"group": "coop", "max_age": 86400, "endpoints": [{"url": "/security/coop_report/"}]}'), (b'cross-origin-opener-policy', b'same-origin-allow-popups;report-to="coop"'), (b'X-Content-Type-Options', b'nosniff'), (b'X-XSS-Protection', b'0'), (b'x-ig-push-state', b'c2'), (b'x-ig-cache-control', b'cache'), (b'x-aed', b'364'), (b'x-ig-request-elapsed-time-ms', b'926'), (b'Retry-After', b'5'), (b'x-ig-peak-v2', b'1'), (b'x-ig-peak-time', b'1'), (b'Content-Encoding', b'gzip'), (b'x-stack', b'distillery'), (b'x-perf-stats', b'814164260;770728;927397'), (b'Set-Cookie', b'csrftoken=oSKvuLJVG2iF4yztWo1SjfLGfkdeTjln; Domain=.instagram.com; expires=Tue, 17-Mar-2026 13:43:20 GMT; Max-Age=31449600; Path=/; Secure'), (b'x-ig-origin-region', b'nha'), (b'Alt-Svc', b'h3=":443"; ma=86400'), (b'X-FB-Connection-Quality', b'EXCELLENT; q=0.9, rtt=18, rtx=0, c=26, mss=1392, tbw=27577, tp=-1, tpl=-1, uplat=1095, ullat=6'), (b'Connection', b'keep-alive'), (b'Content-Length', b'19957')])
INFO:httpx:HTTP Request: POST https://www.instagram.com/graphql/query "HTTP/1.1 200 OK"
DEBUG:httpcore.http11:receive_response_body.started request=<Request [b'POST']>
DEBUG:httpcore.http11:receive_response_body.complete
DEBUG:httpcore.http11:response_closed.started
DEBUG:httpcore.http11:response_closed.complete
DEBUG:httpcore.http11:send_request_headers.started request=<Request [b'POST']>
DEBUG:httpcore.http11:send_request_headers.complete
DEBUG:httpcore.http11:send_request_body.started request=<Request [b'POST']>
DEBUG:httpcore.http11:send_request_body.complete
DEBUG:httpcore.http11:receive_response_headers.started request=<Request [b'POST']>
DEBUG:httpcore.http11:receive_response_headers.complete return_value=(b'HTTP/1.1', 200, b'OK', [(b'Content-Type', b'application/json; charset=utf-8'), (b'Date', b'Tue, 18 Mar 2025 13:43:21 GMT'), (b'Vary', b'Accept-Language, Cookie, Accept-Encoding'), (b'Content-Language', b'en'), (b'Strict-Transport-Security', b'max-age=31536000'), (b'Cache-Control', b'private, no-cache, no-store, must-revalidate'), (b'Pragma', b'no-cache'), (b'Expires', b'Sat, 01 Jan 2000 00:00:00 GMT'), (b'X-Frame-Options', b'SAMEORIGIN'), (b'content-security-policy', b"report-uri https://www.instagram.com/security/csp_report/; default-src 'self' https://www.instagram.com; img-src data: blob: https://*.fbcdn.net https://*.instagram.com https://*.cdninstagram.com https://*.facebook.com https://*.fbsbx.com https://*.threads.net https://*.threads.com https://*.giphy.com; font-src data: https://*.fbcdn.net https://*.instagram.com https://*.cdninstagram.com; media-src 'self' blob: https://www.instagram.com https://*.cdninstagram.com https://*.fbcdn.net; manifest-src 'self' https://www.instagram.com; script-src 'self' https://instagram.com https://www.instagram.com https://*.www.instagram.com https://*.cdninstagram.com wss://www.instagram.com https://*.facebook.com https://*.fbcdn.net https://*.facebook.net 'unsafe-inline' 'unsafe-eval' blob:; style-src 'self' https://*.www.instagram.com https://www.instagram.com 'unsafe-inline'; connect-src 'self' https://instagram.com https://www.instagram.com https://*.www.instagram.com https://graph.instagram.com https://*.graph.instagram.com https://i.instagram.com/graphql_www https://graphql.instagram.com https://*.cdninstagram.com https://api.instagram.com https://i.instagram.com https://*.i.instagram.com https://*.od.instagram.com https://i.threads.net https://i.threads.com https://*.od.threads.net https://*.od.threads.com wss://www.instagram.com wss://edge-chat.instagram.com https://*.facebook.com https://*.fbcdn.net https://*.facebook.net chrome-extension://boadgeojelhgndaghljhdicfkmllpafd blob:; worker-src 'self' blob: https://www.instagram.com; frame-src 'self' https://instagram.com https://www.instagram.com https://*.instagram.com https://staticxx.facebook.com https://www.facebook.com https://web.facebook.com https://connect.facebook.net https://m.facebook.com https://*.fbsbx.com; object-src 'none'; upgrade-insecure-requests"), (b'cross-origin-embedder-policy-report-only', b'require-corp;report-to="coep"'), (b'report-to', b'{"group": "coep", "max_age": 86400, "endpoints": [{"url": "/security/coep_report/"}]},{"group": "coop", "max_age": 86400, "endpoints": [{"url": "/security/coop_report/"}]}'), (b'cross-origin-opener-policy', b'same-origin-allow-popups;report-to="coop"'), (b'X-Content-Type-Options', b'nosniff'), (b'X-XSS-Protection', b'0'), (b'x-ig-push-state', b'c2'), (b'x-ig-cache-control', b'cache'), (b'x-aed', b'364'), (b'x-ig-request-elapsed-time-ms', b'783'), (b'Retry-After', b'5'), (b'x-ig-peak-v2', b'1'), (b'x-ig-peak-time', b'1'), (b'Content-Encoding', b'gzip'), (b'x-stack', b'distillery'), (b'x-perf-stats', b'734782035;668880;782920'), (b'Set-Cookie', b'csrftoken=oSKvuLJVG2iF4yztWo1SjfLGfkdeTjln; Domain=.instagram.com; expires=Tue, 17-Mar-2026 13:43:21 GMT; Max-Age=31449600; Path=/; Secure'), (b'x-ig-origin-region', b'nha'), (b'Alt-Svc', b'h3=":443"; ma=86400'), (b'X-FB-Connection-Quality', b'EXCELLENT; q=0.9, rtt=17, rtx=0, c=35, mss=1392, tbw=51031, tp=-1, tpl=-1, uplat=951, ullat=6'), (b'Connection', b'keep-alive'), (b'Content-Length', b'17786')])
INFO:httpx:HTTP Request: POST https://www.instagram.com/graphql/query "HTTP/1.1 200 OK"
DEBUG:httpcore.http11:receive_response_body.started request=<Request [b'POST']>
DEBUG:httpcore.http11:receive_response_body.complete
DEBUG:httpcore.http11:response_closed.started
DEBUG:httpcore.http11:response_closed.complete
DEBUG:httpcore.connection:close.started
DEBUG:httpcore.connection:close.complete
DEBUG:httpx:load_ssl_context verify=True cert=None trust_env=True http2=False
DEBUG:httpx:load_verify_locations cafile='C:\\Users\\juani\\anaconda3\\envs\\time_series\\Library\\ssl\\cacert.pem'
DEBUG:httpx:load_ssl_context verify=True cert=None trust_env=True http2=False
DEBUG:httpx:load_verify_locations cafile='C:\\Users\\juani\\anaconda3\\envs\\time_series\\Library\\ssl\\cacert.pem'
DEBUG:httpcore.connection:connect_tcp.started host='i.instagram.com' port=443 local_address=None timeout=5.0 socket_options=None
DEBUG:httpcore.connection:connect_tcp.complete return_value=<httpcore._backends.sync.SyncStream object at 0x0000022F3166E7C0>
DEBUG:httpcore.connection:start_tls.started ssl_context=<ssl.SSLContext object at 0x0000022F312B8D40> server_hostname='i.instagram.com' timeout=5.0
DEBUG:httpcore.connection:start_tls.complete return_value=<httpcore._backends.sync.SyncStream object at 0x0000022F307A8E50>
DEBUG:httpcore.http11:send_request_headers.started request=<Request [b'GET']>
DEBUG:httpcore.http11:send_request_headers.complete
DEBUG:httpcore.http11:send_request_body.started request=<Request [b'GET']>
DEBUG:httpcore.http11:send_request_body.complete
DEBUG:httpcore.http11:receive_response_headers.started request=<Request [b'GET']>
DEBUG:httpcore.http11:receive_response_headers.complete return_value=(b'HTTP/1.1', 200, b'OK', [(b'Content-Type', b'application/json; charset=utf-8'), (b'Date', b'Tue, 18 Mar 2025 14:19:26 GMT'), (b'Vary', b'Accept-Language, Cookie, Accept-Encoding'), (b'Content-Language', b'en'), (b'Strict-Transport-Security', b'max-age=31536000'), (b'Cache-Control', b'private, no-cache, no-store, must-revalidate'), (b'Pragma', b'no-cache'), (b'Expires', b'Sat, 01 Jan 2000 00:00:00 GMT'), (b'X-Frame-Options', b'SAMEORIGIN'), (b'content-security-policy', b"report-uri https://www.instagram.com/security/csp_report/; default-src 'self' https://www.instagram.com; img-src data: blob: https://*.fbcdn.net https://*.instagram.com https://*.cdninstagram.com https://*.facebook.com https://*.fbsbx.com https://*.threads.net https://*.threads.com https://*.giphy.com; font-src data: https://*.fbcdn.net https://*.instagram.com https://*.cdninstagram.com; media-src 'self' blob: https://www.instagram.com https://*.cdninstagram.com https://*.fbcdn.net; manifest-src 'self' https://www.instagram.com; script-src 'self' https://instagram.com https://www.instagram.com https://*.www.instagram.com https://*.cdninstagram.com wss://www.instagram.com https://*.facebook.com https://*.fbcdn.net https://*.facebook.net 'unsafe-inline' 'unsafe-eval' blob:; style-src 'self' https://*.www.instagram.com https://www.instagram.com 'unsafe-inline'; connect-src 'self' https://instagram.com https://www.instagram.com https://*.www.instagram.com https://graph.instagram.com https://*.graph.instagram.com https://i.instagram.com/graphql_www https://graphql.instagram.com https://*.cdninstagram.com https://api.instagram.com https://i.instagram.com https://*.i.instagram.com https://*.od.instagram.com https://i.threads.net https://i.threads.com https://*.od.threads.net https://*.od.threads.com wss://www.instagram.com wss://edge-chat.instagram.com https://*.facebook.com https://*.fbcdn.net https://*.facebook.net chrome-extension://boadgeojelhgndaghljhdicfkmllpafd blob:; worker-src 'self' blob: https://www.instagram.com; frame-src 'self' https://instagram.com https://www.instagram.com https://*.instagram.com https://staticxx.facebook.com https://www.facebook.com https://web.facebook.com https://connect.facebook.net https://m.facebook.com https://*.fbsbx.com; object-src 'none'; upgrade-insecure-requests"), (b'cross-origin-embedder-policy-report-only', b'require-corp;report-to="coep"'), (b'report-to', b'{"group": "coep", "max_age": 86400, "endpoints": [{"url": "/security/coep_report/"}]},{"group": "coop", "max_age": 86400, "endpoints": [{"url": "/security/coop_report/"}]}'), (b'cross-origin-resource-policy', b'cross-origin'), (b'cross-origin-opener-policy', b'same-origin-allow-popups;report-to="coop"'), (b'X-Content-Type-Options', b'nosniff'), (b'X-XSS-Protection', b'0'), (b'x-ig-push-state', b'c2'), (b'x-ig-cache-control', b'cache'), (b'x-aed', b'364'), (b'x-ig-request-elapsed-time-ms', b'737'), (b'Retry-After', b'5'), (b'x-ig-peak-v2', b'1'), (b'x-ig-peak-time', b'1'), (b'Content-Encoding', b'gzip'), (b'x-stack', b'distillery'), (b'x-perf-stats', b'1157178735;566912;740515'), (b'Set-Cookie', b'csrftoken=8i8Tp3ca7fcsU5lVqWv79aRd2BJvWPFi; Domain=.instagram.com; expires=Tue, 17-Mar-2026 14:19:26 GMT; Max-Age=31449600; Path=/; Secure'), (b'Set-Cookie', b'mid=Z9mA7gALAAH7gOHP1AGRlb2Bp_JG; Domain=.instagram.com; expires=Wed, 22-Apr-2026 14:19:26 GMT; Max-Age=34560000; Path=/; Secure'), (b'Set-Cookie', b'ig_did=393065EF-528E-410E-B18C-8630ACE39701; Domain=.instagram.com; expires=Wed, 18-Mar-2026 14:19:26 GMT; HttpOnly; Max-Age=31536000; Path=/; Secure'), (b'Set-Cookie', b'ig_nrcb=1; Domain=.instagram.com; expires=Wed, 18-Mar-2026 14:19:26 GMT; Max-Age=31536000; Path=/; Secure'), (b'x-ig-origin-region', b'nha'), (b'Alt-Svc', b'h3=":443"; ma=86400'), (b'X-FB-Connection-Quality', b'EXCELLENT; q=0.9, rtt=17, rtx=0, c=14, mss=1392, tbw=3295, tp=-1, tpl=-1, uplat=898, ullat=0'), (b'Connection', b'keep-alive'), (b'Content-Length', b'74687')])
INFO:httpx:HTTP Request: GET https://i.instagram.com/api/v1/users/web_profile_info/?username=vanelauck "HTTP/1.1 200 OK"
DEBUG:httpcore.http11:receive_response_body.started request=<Request [b'GET']>
DEBUG:httpcore.http11:receive_response_body.complete
DEBUG:httpcore.http11:response_closed.started
DEBUG:httpcore.http11:response_closed.complete
DEBUG:httpx:load_ssl_context verify=True cert=None trust_env=True http2=False
DEBUG:httpx:load_verify_locations cafile='C:\\Users\\juani\\anaconda3\\envs\\time_series\\Library\\ssl\\cacert.pem'
DEBUG:httpcore.connection:close.started
DEBUG:httpcore.connection:close.complete
DEBUG:httpcore.connection:connect_tcp.started host='i.instagram.com' port=443 local_address=None timeout=5.0 socket_options=None
DEBUG:httpcore.connection:connect_tcp.complete return_value=<httpcore._backends.sync.SyncStream object at 0x0000022F30FBC190>
DEBUG:httpcore.connection:start_tls.started ssl_context=<ssl.SSLContext object at 0x0000022F312B8D40> server_hostname='i.instagram.com' timeout=5.0
DEBUG:httpcore.connection:start_tls.complete return_value=<httpcore._backends.sync.SyncStream object at 0x0000022F30FBC160>
DEBUG:httpcore.http11:send_request_headers.started request=<Request [b'GET']>
DEBUG:httpcore.http11:send_request_headers.complete
DEBUG:httpcore.http11:send_request_body.started request=<Request [b'GET']>
DEBUG:httpcore.http11:send_request_body.complete
DEBUG:httpcore.http11:receive_response_headers.started request=<Request [b'GET']>
DEBUG:httpcore.http11:receive_response_headers.complete return_value=(b'HTTP/1.1', 200, b'OK', [(b'Content-Type', b'application/json; charset=utf-8'), (b'Date', b'Tue, 18 Mar 2025 14:20:09 GMT'), (b'Vary', b'Accept-Language, Cookie, Accept-Encoding'), (b'Content-Language', b'en'), (b'Strict-Transport-Security', b'max-age=31536000'), (b'Cache-Control', b'private, no-cache, no-store, must-revalidate'), (b'Pragma', b'no-cache'), (b'Expires', b'Sat, 01 Jan 2000 00:00:00 GMT'), (b'X-Frame-Options', b'SAMEORIGIN'), (b'content-security-policy', b"report-uri https://www.instagram.com/security/csp_report/; default-src 'self' https://www.instagram.com; img-src data: blob: https://*.fbcdn.net https://*.instagram.com https://*.cdninstagram.com https://*.facebook.com https://*.fbsbx.com https://*.threads.net https://*.threads.com https://*.giphy.com; font-src data: https://*.fbcdn.net https://*.instagram.com https://*.cdninstagram.com; media-src 'self' blob: https://www.instagram.com https://*.cdninstagram.com https://*.fbcdn.net; manifest-src 'self' https://www.instagram.com; script-src 'self' https://instagram.com https://www.instagram.com https://*.www.instagram.com https://*.cdninstagram.com wss://www.instagram.com https://*.facebook.com https://*.fbcdn.net https://*.facebook.net 'unsafe-inline' 'unsafe-eval' blob:; style-src 'self' https://*.www.instagram.com https://www.instagram.com 'unsafe-inline'; connect-src 'self' https://instagram.com https://www.instagram.com https://*.www.instagram.com https://graph.instagram.com https://*.graph.instagram.com https://i.instagram.com/graphql_www https://graphql.instagram.com https://*.cdninstagram.com https://api.instagram.com https://i.instagram.com https://*.i.instagram.com https://*.od.instagram.com https://i.threads.net https://i.threads.com https://*.od.threads.net https://*.od.threads.com wss://www.instagram.com wss://edge-chat.instagram.com https://*.facebook.com https://*.fbcdn.net https://*.facebook.net chrome-extension://boadgeojelhgndaghljhdicfkmllpafd blob:; worker-src 'self' blob: https://www.instagram.com; frame-src 'self' https://instagram.com https://www.instagram.com https://*.instagram.com https://staticxx.facebook.com https://www.facebook.com https://web.facebook.com https://connect.facebook.net https://m.facebook.com https://*.fbsbx.com; object-src 'none'; upgrade-insecure-requests"), (b'cross-origin-embedder-policy-report-only', b'require-corp;report-to="coep"'), (b'report-to', b'{"group": "coep", "max_age": 86400, "endpoints": [{"url": "/security/coep_report/"}]},{"group": "coop", "max_age": 86400, "endpoints": [{"url": "/security/coop_report/"}]}'), (b'cross-origin-resource-policy', b'cross-origin'), (b'cross-origin-opener-policy', b'same-origin-allow-popups;report-to="coop"'), (b'X-Content-Type-Options', b'nosniff'), (b'X-XSS-Protection', b'0'), (b'x-ig-push-state', b'c2'), (b'x-ig-cache-control', b'cache'), (b'x-aed', b'364'), (b'x-ig-request-elapsed-time-ms', b'1118'), (b'Retry-After', b'5'), (b'x-ig-peak-v2', b'1'), (b'x-ig-peak-time', b'1'), (b'Content-Encoding', b'gzip'), (b'x-stack', b'distillery'), (b'x-perf-stats', b'1197332104;1018530;1123982'), (b'Set-Cookie', b'csrftoken=8i8Tp3ca7fcsU5lVqWv79aRd2BJvWPFi; Domain=.instagram.com; expires=Tue, 17-Mar-2026 14:20:09 GMT; Max-Age=31449600; Path=/; Secure'), (b'x-ig-origin-region', b'nha'), (b'Alt-Svc', b'h3=":443"; ma=86400'), (b'X-FB-Connection-Quality', b'EXCELLENT; q=0.9, rtt=17, rtx=0, c=14, mss=1392, tbw=3295, tp=-1, tpl=-1, uplat=1280, ullat=0'), (b'Connection', b'keep-alive'), (b'Content-Length', b'74669')])
INFO:httpx:HTTP Request: GET https://i.instagram.com/api/v1/users/web_profile_info/?username=vanelauck "HTTP/1.1 200 OK"
DEBUG:httpcore.http11:receive_response_body.started request=<Request [b'GET']>
DEBUG:httpcore.http11:receive_response_body.complete
DEBUG:httpcore.http11:response_closed.started
DEBUG:httpcore.http11:response_closed.complete
DEBUG:httpx:load_ssl_context verify=True cert=None trust_env=True http2=False
DEBUG:httpx:load_verify_locations cafile='C:\\Users\\juani\\anaconda3\\envs\\time_series\\Library\\ssl\\cacert.pem'
DEBUG:httpcore.connection:close.started
DEBUG:httpcore.connection:close.complete
DEBUG:httpcore.connection:connect_tcp.started host='i.instagram.com' port=443 local_address=None timeout=5.0 socket_options=None
DEBUG:httpcore.connection:connect_tcp.complete return_value=<httpcore._backends.sync.SyncStream object at 0x0000022F305ADFA0>
DEBUG:httpcore.connection:start_tls.started ssl_context=<ssl.SSLContext object at 0x0000022F312B8D40> server_hostname='i.instagram.com' timeout=5.0
DEBUG:httpcore.connection:start_tls.complete return_value=<httpcore._backends.sync.SyncStream object at 0x0000022F30CA5D30>
DEBUG:httpcore.http11:send_request_headers.started request=<Request [b'GET']>
DEBUG:httpcore.http11:send_request_headers.complete
DEBUG:httpcore.http11:send_request_body.started request=<Request [b'GET']>
DEBUG:httpcore.http11:send_request_body.complete
DEBUG:httpcore.http11:receive_response_headers.started request=<Request [b'GET']>
DEBUG:httpcore.http11:receive_response_headers.complete return_value=(b'HTTP/1.1', 200, b'OK', [(b'Content-Type', b'application/json; charset=utf-8'), (b'Date', b'Tue, 18 Mar 2025 14:42:59 GMT'), (b'Vary', b'Accept-Language, Cookie, Accept-Encoding'), (b'Content-Language', b'en'), (b'Strict-Transport-Security', b'max-age=31536000'), (b'Cache-Control', b'private, no-cache, no-store, must-revalidate'), (b'Pragma', b'no-cache'), (b'Expires', b'Sat, 01 Jan 2000 00:00:00 GMT'), (b'X-Frame-Options', b'SAMEORIGIN'), (b'content-security-policy', b"report-uri https://www.instagram.com/security/csp_report/; default-src 'self' https://www.instagram.com; img-src data: blob: https://*.fbcdn.net https://*.instagram.com https://*.cdninstagram.com https://*.facebook.com https://*.fbsbx.com https://*.threads.net https://*.threads.com https://*.giphy.com; font-src data: https://*.fbcdn.net https://*.instagram.com https://*.cdninstagram.com; media-src 'self' blob: https://www.instagram.com https://*.cdninstagram.com https://*.fbcdn.net; manifest-src 'self' https://www.instagram.com; script-src 'self' https://instagram.com https://www.instagram.com https://*.www.instagram.com https://*.cdninstagram.com wss://www.instagram.com https://*.facebook.com https://*.fbcdn.net https://*.facebook.net 'unsafe-inline' 'unsafe-eval' blob:; style-src 'self' https://*.www.instagram.com https://www.instagram.com 'unsafe-inline'; connect-src 'self' https://instagram.com https://www.instagram.com https://*.www.instagram.com https://graph.instagram.com https://*.graph.instagram.com https://i.instagram.com/graphql_www https://graphql.instagram.com https://*.cdninstagram.com https://api.instagram.com https://i.instagram.com https://*.i.instagram.com https://*.od.instagram.com https://i.threads.net https://i.threads.com https://*.od.threads.net https://*.od.threads.com wss://www.instagram.com wss://edge-chat.instagram.com https://*.facebook.com https://*.fbcdn.net https://*.facebook.net chrome-extension://boadgeojelhgndaghljhdicfkmllpafd blob:; worker-src 'self' blob: https://www.instagram.com; frame-src 'self' https://instagram.com https://www.instagram.com https://*.instagram.com https://staticxx.facebook.com https://www.facebook.com https://web.facebook.com https://connect.facebook.net https://m.facebook.com https://*.fbsbx.com; object-src 'none'; upgrade-insecure-requests"), (b'cross-origin-embedder-policy-report-only', b'require-corp;report-to="coep"'), (b'report-to', b'{"group": "coep", "max_age": 86400, "endpoints": [{"url": "/security/coep_report/"}]},{"group": "coop", "max_age": 86400, "endpoints": [{"url": "/security/coop_report/"}]}'), (b'cross-origin-resource-policy', b'cross-origin'), (b'cross-origin-opener-policy', b'same-origin-allow-popups;report-to="coop"'), (b'X-Content-Type-Options', b'nosniff'), (b'X-XSS-Protection', b'0'), (b'x-ig-push-state', b'c2'), (b'x-ig-cache-control', b'cache'), (b'x-aed', b'364'), (b'x-ig-request-elapsed-time-ms', b'667'), (b'Retry-After', b'5'), (b'x-ig-peak-v2', b'1'), (b'x-ig-peak-time', b'1'), (b'Content-Encoding', b'gzip'), (b'x-stack', b'distillery'), (b'x-perf-stats', b'1046663101;590583;672224'), (b'Set-Cookie', b'csrftoken=8i8Tp3ca7fcsU5lVqWv79aRd2BJvWPFi; Domain=.instagram.com; expires=Tue, 17-Mar-2026 14:42:59 GMT; Max-Age=31449600; Path=/; Secure'), (b'x-ig-origin-region', b'nha'), (b'Alt-Svc', b'h3=":443"; ma=86400'), (b'X-FB-Connection-Quality', b'EXCELLENT; q=0.9, rtt=24, rtx=0, c=14, mss=1392, tbw=3296, tp=-1, tpl=-1, uplat=840, ullat=0'), (b'Connection', b'keep-alive'), (b'Content-Length', b'54128')])
INFO:httpx:HTTP Request: GET https://i.instagram.com/api/v1/users/web_profile_info/?username=sumer.noufouri "HTTP/1.1 200 OK"
DEBUG:httpcore.http11:receive_response_body.started request=<Request [b'GET']>
DEBUG:httpcore.http11:receive_response_body.complete
DEBUG:httpcore.http11:response_closed.started
DEBUG:httpcore.http11:response_closed.complete
